[01:11:46.8128] [INFO] Loaded monitor commands from: /home/hello/tools/renode/scripts/monitor.py
[0mRenode, version 1.17.0 (1.17.0+20260922gitd6193cf47)


[91m(monitor) [0mi @/home/hello/projects/smart-hood-baseline/SensorTelemetry/results/f4 
07-watchdog/run-jqwgpe9j/probe.resc

[01:11:46.8833] [INFO] Including script(s): /home/hello/projects/smart-hood-baseline/SensorTelemetry/results/f407-watchdog/run-jqwgpe9j/probe.resc
[01:11:46.8912] [INFO] System bus created.
[01:11:47.2086] [INFO] SynopsysEthernetMAC: Bus width not specified, defaulting to Bits32
[01:11:47.3997] [INFO] sysbus: Loaded SVD: /tmp/renode-1028611/a53d61bf-9f11-4b6f-8606-43f80d04168f.tmp. Name: STM32F40x. Description: STM32F40x.
[01:11:47.4449] [INFO] sysbus: Loading block of 38064 bytes length at 0x8020000.
[01:11:47.4503] [INFO] sysbus: Loading block of 148 bytes length at 0x80294B0.
[01:11:47.4504] [INFO] sysbus: Loading block of 20916 bytes length at 0x20000094.
[01:11:47.5315] [INFO] cpu: Guessing VectorTableOffset value to be 0x8020000.
[01:11:47.5378] [INFO] cpu: Setting initial values: PC = 0x8028D8D, SP = 0x20020000.
[01:11:47.5389] [INFO] f407-watchdog-gate: Machine started.
[01:11:47.5660] [WARNING] flash_controller: Unhandled write to offset 0x0. Unhandled bits: [9] when writing value 0x200. Tags: ICEN (0x1).
[01:11:47.5667] [WARNING] flash_controller: Unhandled write to offset 0x0. Unhandled bits: [10] when writing value 0x400. Tags: DCEN (0x1).
[01:11:47.5668] [WARNING] flash_controller: Unhandled write to offset 0x0. Unhandled bits: [8] when writing value 0x100. Tags: PRFTEN (0x1).
[01:11:47.5730] [WARNING] rcc: Unhandled write to offset 0x74. Unhandled bits: [24] when writing value 0xF000000. Tags: RMVF (0x1).
[01:11:47.5745] [WARNING] rcc: Unhandled write to offset 0x4. Unhandled bits: [29] when writing value 0x7005410. Tags: RESERVED (0x0).
[01:11:47.5776] [WARNING] dma2: Unhandled write to offset 0x40. Unhandled bits: [8, 17, 27] when writing value 0x8020500. Tags: CIRC (0x1), PL (0x2), RESERVED (0x4).
[01:11:47.5780] [WARNING] dma2: Unhandled write to offset 0x8. Unhandled bits: [16-20] when writing value 0x3F0000. Tags: CFEIF2 (0x1), RESERVED (0x1), CDMEIF2 (0x1), CTEIF2 (0x1), CHTIF2 (0x1).
[01:11:47.5818] [WARNING] nvic: Trying to set the priority for interrupt 16 to 0xFF, but it should be maskable with 0xF0
[01:11:47.5827] [WARNING] dma2: Unhandled write to offset 0x8. Unhandled bits: [16-20] when writing value 0x3F0000. Tags: CFEIF2 (0x1), RESERVED (0x1), CDMEIF2 (0x1), CTEIF2 (0x1), CHTIF2 (0x1).
[01:11:47.5827] [WARNING] dma2: Unhandled write to offset 0x40. Unhandled bits: [1-2] when writing value 0x416. Tags: DMEIE (0x1), TEIE (0x1).
[01:11:47.5827] [WARNING] dma2: Unhandled write to offset 0x40. Unhandled bits: [3] when writing value 0x418. Tags: HTIE (0x1).
[01:11:47.5833] [WARNING] usart1: Unhandled write to offset 0x14. Unhandled bits: [0] when writing value 0x1. Tags: EIE (0x1).
[01:11:48.5406] [INFO] f407-watchdog-gate: Machine paused.
[01:11:48.5473] [INFO] f407-watchdog-gate: Machine resumed.
[01:11:53.5467] [INFO] f407-watchdog-gate: Machine paused.
[92mR[0m[92me[0m[92mn[0m[92mo[0m[92md[0m[92me[0m[92m [0m[92mi[0m[92ms[0m[92m [0m[92mq[0m[92mu[0m[92mi[0m[92mt[0m[92mt[0m[92mi[0m[92mn[0m[92mg[0m[92m
[0m[92m
[0m[92m
[0m[0m[0m[01:11:53.5690] [INFO] f407-watchdog-gate: Disposed.
