[01:11:27.4372] [INFO] Loaded monitor commands from: /home/hello/tools/renode/scripts/monitor.py
[0mRenode, version 1.17.0 (1.17.0+20260922gitd6193cf47)


[91m(monitor) [0mi @/home/hello/projects/smart-hood-baseline/SensorTelemetry/results/f4 
07-motor-firmware/run-insy_4ed/probe.resc

[01:11:27.5091] [INFO] Including script(s): /home/hello/projects/smart-hood-baseline/SensorTelemetry/results/f407-motor-firmware/run-insy_4ed/probe.resc
[01:11:27.5171] [INFO] System bus created.
[01:11:27.8584] [INFO] SynopsysEthernetMAC: Bus width not specified, defaulting to Bits32
[01:11:28.0500] [INFO] sysbus: Loaded SVD: /tmp/renode-1028553/f846049d-b3ae-4ee2-b472-4f83c12fe411.tmp. Name: STM32F40x. Description: STM32F40x.
[01:11:28.0962] [INFO] sysbus: Loading block of 38064 bytes length at 0x8020000.
[01:11:28.1013] [INFO] sysbus: Loading block of 148 bytes length at 0x80294B0.
[01:11:28.1014] [INFO] sysbus: Loading block of 20916 bytes length at 0x20000094.
[01:11:28.1823] [INFO] cpu: Guessing VectorTableOffset value to be 0x8020000.
[01:11:28.1887] [INFO] cpu: Setting initial values: PC = 0x8028D8D, SP = 0x20020000.
[01:11:28.1898] [INFO] f407-motor-software: Machine started.
[01:11:28.2189] [WARNING] flash_controller: Unhandled write to offset 0x0. Unhandled bits: [9] when writing value 0x200. Tags: ICEN (0x1).
[01:11:28.2196] [WARNING] flash_controller: Unhandled write to offset 0x0. Unhandled bits: [10] when writing value 0x400. Tags: DCEN (0x1).
[01:11:28.2197] [WARNING] flash_controller: Unhandled write to offset 0x0. Unhandled bits: [8] when writing value 0x100. Tags: PRFTEN (0x1).
[01:11:28.2258] [WARNING] rcc: Unhandled write to offset 0x74. Unhandled bits: [24] when writing value 0xF000000. Tags: RMVF (0x1).
[01:11:28.2272] [WARNING] rcc: Unhandled write to offset 0x4. Unhandled bits: [29] when writing value 0x7005410. Tags: RESERVED (0x0).
[01:11:28.2304] [WARNING] dma2: Unhandled write to offset 0x40. Unhandled bits: [8, 17, 27] when writing value 0x8020500. Tags: CIRC (0x1), PL (0x2), RESERVED (0x4).
[01:11:28.2308] [WARNING] dma2: Unhandled write to offset 0x8. Unhandled bits: [16-20] when writing value 0x3F0000. Tags: CFEIF2 (0x1), RESERVED (0x1), CDMEIF2 (0x1), CTEIF2 (0x1), CHTIF2 (0x1).
[01:11:28.2351] [WARNING] nvic: Trying to set the priority for interrupt 16 to 0xFF, but it should be maskable with 0xF0
[01:11:28.2360] [WARNING] dma2: Unhandled write to offset 0x8. Unhandled bits: [16-20] when writing value 0x3F0000. Tags: CFEIF2 (0x1), RESERVED (0x1), CDMEIF2 (0x1), CTEIF2 (0x1), CHTIF2 (0x1).
[01:11:28.2360] [WARNING] dma2: Unhandled write to offset 0x40. Unhandled bits: [1-2] when writing value 0x416. Tags: DMEIE (0x1), TEIE (0x1).
[01:11:28.2360] [WARNING] dma2: Unhandled write to offset 0x40. Unhandled bits: [3] when writing value 0x418. Tags: HTIE (0x1).
[01:11:28.2366] [WARNING] usart1: Unhandled write to offset 0x14. Unhandled bits: [0] when writing value 0x1. Tags: EIE (0x1).
[01:11:29.1916] [INFO] f407-motor-software: Machine paused.
[01:11:29.1994] [INFO] f407-motor-software: Machine resumed.
[01:11:30.1989] [INFO] f407-motor-software: Machine paused.
[01:11:30.2039] [INFO] f407-motor-software: Machine resumed.
[01:11:31.2040] [INFO] f407-motor-software: Machine paused.
[01:11:31.2055] [INFO] f407-motor-software: Machine resumed.
[01:11:32.2056] [INFO] f407-motor-software: Machine paused.
[01:11:32.2071] [INFO] f407-motor-software: Machine resumed.
[01:11:33.2072] [INFO] f407-motor-software: Machine paused.
[01:11:33.2085] [INFO] f407-motor-software: Machine resumed.
[01:11:34.2086] [INFO] f407-motor-software: Machine paused.
[01:11:34.2123] [INFO] f407-motor-software: Machine resumed.
[01:11:35.4124] [INFO] f407-motor-software: Machine paused.
[92mR[0m[92me[0m[92mn[0m[92mo[0m[92md[0m[92me[0m[92m [0m[92mi[0m[92ms[0m[92m [0m[92mq[0m[92mu[0m[92mi[0m[92mt[0m[92mt[0m[92mi[0m[92mn[0m[92mg[0m[92m
[0m[92m
[0m[92m
[0m[0m[0m[01:11:35.4320] [INFO] f407-motor-software: Disposed.
